Log time: 2026-04-14 15:42:36.521244

AAPL
                                Close        High         Low        Open    Volume
Date                                                                               
2024-04-15 13:30:00+00:00  174.880005  175.979904  173.850006  175.380005  16099072
2024-04-15 14:30:00+00:00  175.410004  176.630005  174.559998  174.880005   9497153
2024-04-15 15:30:00+00:00  175.100006  176.149994  174.960007  175.399994   5334563
2024-04-15 16:30:00+00:00  174.520004  175.570007  174.510101  175.095001   6093345
2024-04-15 17:30:00+00:00  173.130005  174.610001  172.500000  174.509995   9423818
Index(['Close', 'High', 'Low', 'Open', 'Volume'], dtype='str')

MSFT
                                Close        High         Low        Open   Volume
Date                                                                              
2024-04-15 13:30:00+00:00  423.089996  426.820007  422.309998  426.549988  3883854
2024-04-15 14:30:00+00:00  422.709991  423.660004  421.959991  423.119995  1857909
2024-04-15 15:30:00+00:00  420.609985  423.239990  420.500000  422.750000  1412820
2024-04-15 16:30:00+00:00  416.174988  420.690002  416.100006  420.597687  1560212
2024-04-15 17:30:00+00:00  414.700012  416.190002  413.980011  416.160004  2148682
Index(['Close', 'High', 'Low', 'Open', 'Volume'], dtype='str')

GOOGL
                                Close        High         Low        Open   Volume
Date                                                                              
2024-04-15 13:30:00+00:00  158.440002  159.240005  157.539993  158.369995  6146794
2024-04-15 14:30:00+00:00  158.580002  158.809998  157.970001  158.423203  2247403
2024-04-15 15:30:00+00:00  157.869995  158.729996  157.815002  158.570007  1567037
2024-04-15 16:30:00+00:00  156.259995  158.160904  156.250000  157.869995  2528133
2024-04-15 17:30:00+00:00  155.270004  156.289993  154.929993  156.259995  3517753
Index(['Close', 'High', 'Low', 'Open', 'Volume'], dtype='str')

AMZN
                                Close        High         Low        Open    Volume
Date                                                                               
2024-04-15 13:30:00+00:00  187.339905  188.690002  186.190002  186.589996  12053341
2024-04-15 14:30:00+00:00  186.979996  187.809998  186.542099  187.335007   4556084
2024-04-15 15:30:00+00:00  186.244995  187.100006  186.179993  186.985001   3241501
2024-04-15 16:30:00+00:00  184.190002  186.250000  184.089996  186.250000   5702022
2024-04-15 17:30:00+00:00  183.859894  184.300003  183.070007  184.199997   5524728
Index(['Close', 'High', 'Low', 'Open', 'Volume'], dtype='str')

